Archive member included to satisfy reference by file (symbol)

/usr/bin/../lib/gcc/arm-none-eabi/7.3.1/../../../../arm-none-eabi/lib/thumb/v6-m/libg_nano.a(lib_a-memcpy-stub.o)
                              build/golem/selfmain.o (memcpy)

Allocating common symbols
Common symbol       size              file

b_sharp_received    0x1               build/golem/usart_sam_ba.o
timerHigh           0x4               build/golem/utils.o
idx_rx_write        0x1               build/golem/usart_sam_ba.o
size_of_data        0x2               build/golem/usart_sam_ba.o
resetHorizon        0x4               build/golem/utils.o
idx_tx_read         0x1               build/golem/usart_sam_ba.o
buffer_tx_usart     0x80              build/golem/usart_sam_ba.o
error_timeout       0x1               build/golem/usart_sam_ba.o
mode_of_transfer    0x1               build/golem/usart_sam_ba.o
idx_rx_read         0x1               build/golem/usart_sam_ba.o
pageBuf             0x100             build/golem/selfmain.o
idx_tx_write        0x1               build/golem/usart_sam_ba.o
buffer_rx_usart     0x80              build/golem/usart_sam_ba.o

Discarded input sections

 .text          0x0000000000000000        0x0 build/golem/flash_samd21.o
 .data          0x0000000000000000        0x0 build/golem/flash_samd21.o
 .bss           0x0000000000000000        0x0 build/golem/flash_samd21.o
 .text.flash_erase_to_end
                0x0000000000000000       0x1c build/golem/flash_samd21.o
 .text.copy_words
                0x0000000000000000       0x14 build/golem/flash_samd21.o
 .text.flash_write
                0x0000000000000000       0x9c build/golem/flash_samd21.o
 .text          0x0000000000000000        0x0 build/golem/init_samd21.o
 .data          0x0000000000000000        0x0 build/golem/init_samd21.o
 .bss           0x0000000000000000        0x0 build/golem/init_samd21.o
 .data.g_interrupt_enabled
                0x0000000000000000        0x1 build/golem/init_samd21.o
 .text          0x0000000000000000        0x0 build/golem/startup_samd21.o
 .data          0x0000000000000000        0x0 build/golem/startup_samd21.o
 .bss           0x0000000000000000        0x0 build/golem/startup_samd21.o
 .text          0x0000000000000000        0x0 build/golem/usart_sam_ba.o
 .data          0x0000000000000000        0x0 build/golem/usart_sam_ba.o
 .bss           0x0000000000000000        0x0 build/golem/usart_sam_ba.o
 .text.usart_open
                0x0000000000000000       0xbc build/golem/usart_sam_ba.o
 .text.usart_close
                0x0000000000000000       0x10 build/golem/usart_sam_ba.o
 .text.usart_putc
                0x0000000000000000       0x14 build/golem/usart_sam_ba.o
 .text.usart_is_rx_ready
                0x0000000000000000       0x10 build/golem/usart_sam_ba.o
 .text.usart_getc
                0x0000000000000000       0x18 build/golem/usart_sam_ba.o
 .text.usart_sharp_received
                0x0000000000000000       0x1a build/golem/usart_sam_ba.o
 .text.usart_readc
                0x0000000000000000       0x20 build/golem/usart_sam_ba.o
 .text.usart_putdata
                0x0000000000000000       0x1a build/golem/usart_sam_ba.o
 .text.usart_getdata
                0x0000000000000000        0xe build/golem/usart_sam_ba.o
 .text.getbytes
                0x0000000000000000       0x60 build/golem/usart_sam_ba.o
 .text.getPacket
                0x0000000000000000       0x70 build/golem/usart_sam_ba.o
 .text.usart_putdata_xmd
                0x0000000000000000      0x10c build/golem/usart_sam_ba.o
 .text.usart_getdata_xmd
                0x0000000000000000       0xa4 build/golem/usart_sam_ba.o
 COMMON         0x0000000000000000      0x109 build/golem/usart_sam_ba.o
 .text          0x0000000000000000        0x0 build/golem/screen.o
 .data          0x0000000000000000        0x0 build/golem/screen.o
 .bss           0x0000000000000000        0x0 build/golem/screen.o
 .debug_info    0x0000000000000000      0x8f2 build/golem/screen.o
 .debug_abbrev  0x0000000000000000      0x197 build/golem/screen.o
 .debug_aranges
                0x0000000000000000       0x18 build/golem/screen.o
 .debug_line    0x0000000000000000      0x113 build/golem/screen.o
 .debug_str     0x0000000000000000      0x5d1 build/golem/screen.o
 .comment       0x0000000000000000       0x80 build/golem/screen.o
 .ARM.attributes
                0x0000000000000000       0x32 build/golem/screen.o
 .text          0x0000000000000000        0x0 build/golem/images.o
 .data          0x0000000000000000        0x0 build/golem/images.o
 .bss           0x0000000000000000        0x0 build/golem/images.o
 .rodata.arrowLogo
                0x0000000000000000       0x39 build/golem/images.o
 .rodata.fileLogo
                0x0000000000000000       0x4a build/golem/images.o
 .rodata.font8  0x0000000000000000      0x240 build/golem/images.o
 .rodata.pendriveLogo
                0x0000000000000000       0x3e build/golem/images.o
 .debug_info    0x0000000000000000      0x118 build/golem/images.o
 .debug_abbrev  0x0000000000000000       0x66 build/golem/images.o
 .debug_aranges
                0x0000000000000000       0x18 build/golem/images.o
 .debug_line    0x0000000000000000       0x90 build/golem/images.o
 .debug_str     0x0000000000000000      0x1c2 build/golem/images.o
 .comment       0x0000000000000000       0x80 build/golem/images.o
 .ARM.attributes
                0x0000000000000000       0x32 build/golem/images.o
 .text          0x0000000000000000        0x0 build/golem/utils.o
 .data          0x0000000000000000        0x0 build/golem/utils.o
 .bss           0x0000000000000000        0x0 build/golem/utils.o
 .text.writeNum
                0x0000000000000000       0x38 build/golem/utils.o
 .text.timerTick
                0x0000000000000000       0x40 build/golem/utils.o
 .text.led_signal
                0x0000000000000000       0x2c build/golem/utils.o
 .text.RGBLED_set_color
                0x0000000000000000        0x2 build/golem/utils.o
 .bss.timerLow  0x0000000000000000        0x4 build/golem/utils.o
 COMMON         0x0000000000000000        0x8 build/golem/utils.o
 .text          0x0000000000000000        0x0 build/golem/selfmain.o
 .data          0x0000000000000000        0x0 build/golem/selfmain.o
 .bss           0x0000000000000000        0x0 build/golem/selfmain.o
 .text          0x0000000000000000        0x0 build/golem/selfdata.o
 .data          0x0000000000000000        0x0 build/golem/selfdata.o
 .bss           0x0000000000000000        0x0 build/golem/selfdata.o
 .text          0x0000000000000000        0x0 /usr/bin/../lib/gcc/arm-none-eabi/7.3.1/../../../../arm-none-eabi/lib/thumb/v6-m/libg_nano.a(lib_a-memcpy-stub.o)
 .data          0x0000000000000000        0x0 /usr/bin/../lib/gcc/arm-none-eabi/7.3.1/../../../../arm-none-eabi/lib/thumb/v6-m/libg_nano.a(lib_a-memcpy-stub.o)
 .bss           0x0000000000000000        0x0 /usr/bin/../lib/gcc/arm-none-eabi/7.3.1/../../../../arm-none-eabi/lib/thumb/v6-m/libg_nano.a(lib_a-memcpy-stub.o)

Memory Configuration

Name             Origin             Length             Attributes
rom              0x0000000000002000 0x0000000000020000 xr
ram              0x0000000020000000 0x0000000000008000 xrw
*default*        0x0000000000000000 0xffffffffffffffff

Linker script and memory map

LOAD build/golem/flash_samd21.o
LOAD build/golem/init_samd21.o
LOAD build/golem/startup_samd21.o
LOAD build/golem/usart_sam_ba.o
LOAD build/golem/screen.o
LOAD build/golem/images.o
LOAD build/golem/utils.o
LOAD build/golem/selfmain.o
LOAD build/golem/selfdata.o
START GROUP
LOAD /usr/bin/../lib/gcc/arm-none-eabi/7.3.1/thumb/v6-m/libgcc.a
LOAD /usr/bin/../lib/gcc/arm-none-eabi/7.3.1/../../../../arm-none-eabi/lib/thumb/v6-m/libg_nano.a
LOAD /usr/bin/../lib/gcc/arm-none-eabi/7.3.1/../../../../arm-none-eabi/lib/thumb/v6-m/libc_nano.a
END GROUP
START GROUP
LOAD /usr/bin/../lib/gcc/arm-none-eabi/7.3.1/thumb/v6-m/libgcc.a
LOAD /usr/bin/../lib/gcc/arm-none-eabi/7.3.1/../../../../arm-none-eabi/lib/thumb/v6-m/libc_nano.a
LOAD /usr/bin/../lib/gcc/arm-none-eabi/7.3.1/../../../../arm-none-eabi/lib/thumb/v6-m/libnosys.a
END GROUP
START GROUP
LOAD /usr/bin/../lib/gcc/arm-none-eabi/7.3.1/thumb/v6-m/libgcc.a
LOAD /usr/bin/../lib/gcc/arm-none-eabi/7.3.1/../../../../arm-none-eabi/lib/thumb/v6-m/libc_nano.a
LOAD /usr/bin/../lib/gcc/arm-none-eabi/7.3.1/../../../../arm-none-eabi/lib/thumb/v6-m/libnosys.a
END GROUP
                0x0000000000002000                STACK_SIZE = DEFINED (STACK_SIZE)?STACK_SIZE:DEFINED (__stack_size__)?__stack_size__:0x2000

.text           0x0000000000002000     0x25f0
                0x0000000000002000                . = ALIGN (0x4)
                0x0000000000002000                _sfixed = .
 *(.vectors .vectors.*)
 .vectors       0x0000000000002000       0xb4 build/golem/startup_samd21.o
                0x0000000000002000                exception_table
 *(.text .text.* .gnu.linkonce.t.*)
 .text.flash_erase_row
                0x00000000000020b4       0x28 build/golem/flash_samd21.o
                0x00000000000020b4                flash_erase_row
 .text.flash_write_words
                0x00000000000020dc       0x54 build/golem/flash_samd21.o
                0x00000000000020dc                flash_write_words
 .text.flash_write_row
                0x0000000000002130       0x2e build/golem/flash_samd21.o
                0x0000000000002130                flash_write_row
 *fill*         0x000000000000215e        0x2 
 .text.gclk_sync
                0x0000000000002160       0x10 build/golem/init_samd21.o
 .text.dfll_sync
                0x0000000000002170       0x10 build/golem/init_samd21.o
 .text.system_init
                0x0000000000002180       0xcc build/golem/init_samd21.o
                0x0000000000002180                system_init
 .text.SysTick_Handler
                0x000000000000224c        0x8 build/golem/init_samd21.o
                0x000000000000224c                SysTick_Handler
 .text.Dummy_Handler
                0x0000000000002254        0x2 build/golem/startup_samd21.o
                0x0000000000002254                DMAC_Handler
                0x0000000000002254                AC_Handler
                0x0000000000002254                PendSV_Handler
                0x0000000000002254                NMI_Handler
                0x0000000000002254                SERCOM1_Handler
                0x0000000000002254                ADC_Handler
                0x0000000000002254                TCC1_Handler
                0x0000000000002254                SERCOM2_Handler
                0x0000000000002254                TCC0_Handler
                0x0000000000002254                RTC_Handler
                0x0000000000002254                EIC_Handler
                0x0000000000002254                WDT_Handler
                0x0000000000002254                TC4_Handler
                0x0000000000002254                USB_Handler
                0x0000000000002254                TC3_Handler
                0x0000000000002254                Dummy_Handler
                0x0000000000002254                PM_Handler
                0x0000000000002254                SERCOM5_Handler
                0x0000000000002254                SVC_Handler
                0x0000000000002254                TCC2_Handler
                0x0000000000002254                EVSYS_Handler
                0x0000000000002254                SERCOM3_Handler
                0x0000000000002254                SERCOM4_Handler
                0x0000000000002254                I2S_Handler
                0x0000000000002254                NVMCTRL_Handler
                0x0000000000002254                SERCOM0_Handler
                0x0000000000002254                DAC_Handler
                0x0000000000002254                PTC_Handler
                0x0000000000002254                TC5_Handler
                0x0000000000002254                SYSCTRL_Handler
 .text.HardFault_Handler
                0x0000000000002256        0x2 build/golem/startup_samd21.o
                0x0000000000002256                HardFault_Handler
 .text.Reset_Handler
                0x0000000000002258       0xb0 build/golem/startup_samd21.o
                0x0000000000002258                Reset_Handler
 .text.add_crc  0x0000000000002308       0x54 build/golem/usart_sam_ba.o
                0x0000000000002308                add_crc
 .text.delay    0x000000000000235c       0x10 build/golem/utils.o
                0x000000000000235c                delay
 .text.panic    0x000000000000236c        0x2 build/golem/utils.o
                0x000000000000236c                panic
 *fill*         0x000000000000236e        0x2 
 .text.resetIntoApp
                0x0000000000002370       0x28 build/golem/utils.o
                0x0000000000002370                resetIntoApp
 .text.resetIntoBootloader
                0x0000000000002398       0x28 build/golem/utils.o
                0x0000000000002398                resetIntoBootloader
 .text.led_tick
                0x00000000000023c0       0x80 build/golem/utils.o
                0x00000000000023c0                led_tick
 .text.led_init
                0x0000000000002440       0x10 build/golem/utils.o
                0x0000000000002440                led_init
 .text.setBootProt
                0x0000000000002450       0xbc build/golem/selfmain.o
                0x0000000000002450                setBootProt
 .text.startup.main
                0x000000000000250c       0xc0 build/golem/selfmain.o
                0x000000000000250c                main
 .text.memcpy   0x00000000000025cc       0x12 /usr/bin/../lib/gcc/arm-none-eabi/7.3.1/../../../../arm-none-eabi/lib/thumb/v6-m/libg_nano.a(lib_a-memcpy-stub.o)
                0x00000000000025cc                memcpy
 *(.glue_7t)
 .glue_7t       0x00000000000025de        0x0 linker stubs
 *(.glue_7)
 .glue_7        0x00000000000025de        0x0 linker stubs
 *(.rodata .rodata* .gnu.linkonce.r.*)
 *fill*         0x00000000000025de        0x2 
 .rodata.bootloader
                0x00000000000025e0     0x2000 build/golem/selfdata.o
                0x00000000000025e0                bootloader
 .rodata.bootloader_crcs
                0x00000000000045e0       0x10 build/golem/selfdata.o
                0x00000000000045e0                bootloader_crcs
 *(.ARM.extab* .gnu.linkonce.armextab.*)
                0x00000000000045f0                . = ALIGN (0x4)
 *(.init)
                0x00000000000045f0                . = ALIGN (0x4)
                0x00000000000045f0                __preinit_array_start = .
 *(.preinit_array)
                0x00000000000045f0                __preinit_array_end = .
                0x00000000000045f0                . = ALIGN (0x4)
                0x00000000000045f0                __init_array_start = .
 *(SORT_BY_NAME(.init_array.*))
 *(.init_array)
                0x00000000000045f0                __init_array_end = .
                0x00000000000045f0                . = ALIGN (0x4)
 *crtbegin.o(.ctors)
 *(EXCLUDE_FILE(*crtend.o) .ctors)
 *(SORT_BY_NAME(.ctors.*))
 *crtend.o(.ctors)
                0x00000000000045f0                . = ALIGN (0x4)
                0x00000000000045f0                _efixed = .
                [!provide]                        PROVIDE (__exidx_start = .)

.vfp11_veneer   0x00000000000045f0        0x0
 .vfp11_veneer  0x00000000000045f0        0x0 linker stubs

.v4_bx          0x00000000000045f0        0x0
 .v4_bx         0x00000000000045f0        0x0 linker stubs

.iplt           0x00000000000045f0        0x0
 .iplt          0x00000000000045f0        0x0 build/golem/flash_samd21.o

.igot.plt       0x00000000000045f0        0x0
 .igot.plt      0x00000000000045f0        0x0 build/golem/flash_samd21.o

.rel.dyn        0x00000000000045f0        0x0
 .rel.iplt      0x00000000000045f0        0x0 build/golem/flash_samd21.o

.ARM.exidx
 *(.ARM.exidx* .gnu.linkonce.armexidx.*)
                [!provide]                        PROVIDE (__exidx_end = .)
                0x00000000000045f0                . = ALIGN (0x4)
                0x00000000000045f0                _etext = .

.relocate       0x0000000020000000        0x4 load address 0x00000000000045f0
                0x0000000020000000                . = ALIGN (0x4)
                0x0000000020000000                _srelocate = .
 *(.ramfunc .ramfunc.*)
 *(.data .data.*)
 .data.led_tick_step
                0x0000000020000000        0x1 build/golem/utils.o
                0x0000000020000000                led_tick_step
 .data.limit    0x0000000020000001        0x1 build/golem/utils.o
                0x0000000020000004                . = ALIGN (0x4)
 *fill*         0x0000000020000002        0x2 
                0x0000000020000004                _erelocate = .

.bss            0x0000000020000004      0x308 load address 0x00000000000045f4
                0x0000000020000004                . = ALIGN (0x4)
                0x0000000020000004                _sbss = .
                0x0000000020000004                _szero = .
 *(.bss .bss.*)
 .bss.crcCache  0x0000000020000004      0x200 build/golem/usart_sam_ba.o
 .bss.now       0x0000000020000204        0x4 build/golem/utils.o
 .bss.signal_end
                0x0000000020000208        0x4 build/golem/utils.o
 *(COMMON)
 COMMON         0x000000002000020c      0x100 build/golem/selfmain.o
                0x000000002000020c                pageBuf
                0x000000002000030c                . = ALIGN (0x4)
                0x000000002000030c                _ebss = .
                0x000000002000030c                _ezero = .

.stack          0x000000002000030c     0x2004 load address 0x00000000000048fc
                0x0000000020000310                . = ALIGN (0x8)
 *fill*         0x000000002000030c        0x4 
                0x0000000020000310                _sstack = .
                0x0000000020002310                . = (. + STACK_SIZE)
 *fill*         0x0000000020000310     0x2000 
                0x0000000020002310                . = ALIGN (0x8)
                0x0000000020002310                _estack = .
                0x0000000020002310                . = ALIGN (0x4)
                0x0000000020002310                _end = .
OUTPUT(build/golem/update-bootloader-golem-v3.4.0-53-gfbd9bd1.elf elf32-littlearm)

.debug_info     0x0000000000000000     0xcf91
 .debug_info    0x0000000000000000      0xfa6 build/golem/flash_samd21.o
 .debug_info    0x0000000000000fa6     0x2335 build/golem/init_samd21.o
 .debug_info    0x00000000000032db     0x35c5 build/golem/startup_samd21.o
 .debug_info    0x00000000000068a0     0x3d04 build/golem/usart_sam_ba.o
 .debug_info    0x000000000000a5a4     0x122a build/golem/utils.o
 .debug_info    0x000000000000b7ce     0x16da build/golem/selfmain.o
 .debug_info    0x000000000000cea8       0xe9 build/golem/selfdata.o

.debug_abbrev   0x0000000000000000     0x13e8
 .debug_abbrev  0x0000000000000000      0x2c1 build/golem/flash_samd21.o
 .debug_abbrev  0x00000000000002c1      0x32c build/golem/init_samd21.o
 .debug_abbrev  0x00000000000005ed      0x25b build/golem/startup_samd21.o
 .debug_abbrev  0x0000000000000848      0x48b build/golem/usart_sam_ba.o
 .debug_abbrev  0x0000000000000cd3      0x366 build/golem/utils.o
 .debug_abbrev  0x0000000000001039      0x335 build/golem/selfmain.o
 .debug_abbrev  0x000000000000136e       0x7a build/golem/selfdata.o

.debug_loc      0x0000000000000000      0xf33
 .debug_loc     0x0000000000000000      0x3a6 build/golem/flash_samd21.o
 .debug_loc     0x00000000000003a6       0x78 build/golem/init_samd21.o
 .debug_loc     0x000000000000041e       0x2b build/golem/startup_samd21.o
 .debug_loc     0x0000000000000449      0x7d4 build/golem/usart_sam_ba.o
 .debug_loc     0x0000000000000c1d      0x143 build/golem/utils.o
 .debug_loc     0x0000000000000d60      0x1d3 build/golem/selfmain.o

.debug_aranges  0x0000000000000000      0x1e0
 .debug_aranges
                0x0000000000000000       0x48 build/golem/flash_samd21.o
 .debug_aranges
                0x0000000000000048       0x38 build/golem/init_samd21.o
 .debug_aranges
                0x0000000000000080       0x30 build/golem/startup_samd21.o
 .debug_aranges
                0x00000000000000b0       0x88 build/golem/usart_sam_ba.o
 .debug_aranges
                0x0000000000000138       0x68 build/golem/utils.o
 .debug_aranges
                0x00000000000001a0       0x28 build/golem/selfmain.o
 .debug_aranges
                0x00000000000001c8       0x18 build/golem/selfdata.o

.debug_ranges   0x0000000000000000      0x1f8
 .debug_ranges  0x0000000000000000       0x70 build/golem/flash_samd21.o
 .debug_ranges  0x0000000000000070       0x48 build/golem/init_samd21.o
 .debug_ranges  0x00000000000000b8       0x20 build/golem/startup_samd21.o
 .debug_ranges  0x00000000000000d8       0x78 build/golem/usart_sam_ba.o
 .debug_ranges  0x0000000000000150       0x90 build/golem/utils.o
 .debug_ranges  0x00000000000001e0       0x18 build/golem/selfmain.o

.debug_line     0x0000000000000000     0x1052
 .debug_line    0x0000000000000000      0x24a build/golem/flash_samd21.o
 .debug_line    0x000000000000024a      0x253 build/golem/init_samd21.o
 .debug_line    0x000000000000049d      0x1aa build/golem/startup_samd21.o
 .debug_line    0x0000000000000647      0x3e0 build/golem/usart_sam_ba.o
 .debug_line    0x0000000000000a27      0x2d2 build/golem/utils.o
 .debug_line    0x0000000000000cf9      0x2bf build/golem/selfmain.o
 .debug_line    0x0000000000000fb8       0x9a build/golem/selfdata.o

.debug_str      0x0000000000000000     0x2ac5
 .debug_str     0x0000000000000000      0x747 build/golem/flash_samd21.o
                                        0x80a (size before relaxing)
 .debug_str     0x0000000000000747      0x6f4 build/golem/init_samd21.o
                                        0xe9a (size before relaxing)
 .debug_str     0x0000000000000e3b      0xedd build/golem/startup_samd21.o
                                       0x135d (size before relaxing)
 .debug_str     0x0000000000001d18      0xc4f build/golem/usart_sam_ba.o
                                       0x13d5 (size before relaxing)
 .debug_str     0x0000000000002967       0xc8 build/golem/utils.o
                                        0x875 (size before relaxing)
 .debug_str     0x0000000000002a2f       0x7f build/golem/selfmain.o
                                        0xa0a (size before relaxing)
 .debug_str     0x0000000000002aae       0x17 build/golem/selfdata.o
                                        0x1d5 (size before relaxing)

.comment        0x0000000000000000       0x7f
 .comment       0x0000000000000000       0x7f build/golem/flash_samd21.o
                                         0x80 (size before relaxing)
 .comment       0x000000000000007f       0x80 build/golem/init_samd21.o
 .comment       0x000000000000007f       0x80 build/golem/startup_samd21.o
 .comment       0x000000000000007f       0x80 build/golem/usart_sam_ba.o
 .comment       0x000000000000007f       0x80 build/golem/utils.o
 .comment       0x000000000000007f       0x80 build/golem/selfmain.o
 .comment       0x000000000000007f       0x80 build/golem/selfdata.o

.ARM.attributes
                0x0000000000000000       0x32
 .ARM.attributes
                0x0000000000000000       0x32 build/golem/flash_samd21.o
 .ARM.attributes
                0x0000000000000032       0x32 build/golem/init_samd21.o
 .ARM.attributes
                0x0000000000000064       0x32 build/golem/startup_samd21.o
 .ARM.attributes
                0x0000000000000096       0x32 build/golem/usart_sam_ba.o
 .ARM.attributes
                0x00000000000000c8       0x32 build/golem/utils.o
 .ARM.attributes
                0x00000000000000fa       0x32 build/golem/selfmain.o
 .ARM.attributes
                0x000000000000012c       0x32 build/golem/selfdata.o
 .ARM.attributes
                0x000000000000015e       0x2c /usr/bin/../lib/gcc/arm-none-eabi/7.3.1/../../../../arm-none-eabi/lib/thumb/v6-m/libg_nano.a(lib_a-memcpy-stub.o)

.debug_frame    0x0000000000000000      0x438
 .debug_frame   0x0000000000000000       0xb4 build/golem/flash_samd21.o
 .debug_frame   0x00000000000000b4       0x68 build/golem/init_samd21.o
 .debug_frame   0x000000000000011c       0x4c build/golem/startup_samd21.o
 .debug_frame   0x0000000000000168      0x184 build/golem/usart_sam_ba.o
 .debug_frame   0x00000000000002ec       0xcc build/golem/utils.o
 .debug_frame   0x00000000000003b8       0x58 build/golem/selfmain.o
 .debug_frame   0x0000000000000410       0x28 /usr/bin/../lib/gcc/arm-none-eabi/7.3.1/../../../../arm-none-eabi/lib/thumb/v6-m/libg_nano.a(lib_a-memcpy-stub.o)

Cross Reference Table

Symbol                                            File
AC_Handler                                        build/golem/startup_samd21.o
ADC_Handler                                       build/golem/startup_samd21.o
DAC_Handler                                       build/golem/startup_samd21.o
DMAC_Handler                                      build/golem/startup_samd21.o
Dummy_Handler                                     build/golem/startup_samd21.o
EIC_Handler                                       build/golem/startup_samd21.o
EVSYS_Handler                                     build/golem/startup_samd21.o
HardFault_Handler                                 build/golem/startup_samd21.o
I2S_Handler                                       build/golem/startup_samd21.o
NMI_Handler                                       build/golem/startup_samd21.o
NVMCTRL_Handler                                   build/golem/startup_samd21.o
PM_Handler                                        build/golem/startup_samd21.o
PTC_Handler                                       build/golem/startup_samd21.o
PendSV_Handler                                    build/golem/startup_samd21.o
RGBLED_set_color                                  build/golem/utils.o
RTC_Handler                                       build/golem/startup_samd21.o
Reset_Handler                                     build/golem/startup_samd21.o
SERCOM0_Handler                                   build/golem/startup_samd21.o
SERCOM1_Handler                                   build/golem/startup_samd21.o
SERCOM2_Handler                                   build/golem/startup_samd21.o
SERCOM3_Handler                                   build/golem/startup_samd21.o
SERCOM4_Handler                                   build/golem/startup_samd21.o
SERCOM5_Handler                                   build/golem/startup_samd21.o
SVC_Handler                                       build/golem/startup_samd21.o
SYSCTRL_Handler                                   build/golem/startup_samd21.o
SysTick_Handler                                   build/golem/init_samd21.o
TC3_Handler                                       build/golem/startup_samd21.o
TC4_Handler                                       build/golem/startup_samd21.o
TC5_Handler                                       build/golem/startup_samd21.o
TCC0_Handler                                      build/golem/startup_samd21.o
TCC1_Handler                                      build/golem/startup_samd21.o
TCC2_Handler                                      build/golem/startup_samd21.o
USB_Handler                                       build/golem/startup_samd21.o
WDT_Handler                                       build/golem/startup_samd21.o
_erelocate                                        build/golem/startup_samd21.o
_estack                                           build/golem/startup_samd21.o
_etext                                            build/golem/startup_samd21.o
_ezero                                            build/golem/startup_samd21.o
_sfixed                                           build/golem/startup_samd21.o
_srelocate                                        build/golem/startup_samd21.o
_szero                                            build/golem/startup_samd21.o
add_crc                                           build/golem/usart_sam_ba.o
                                                  build/golem/selfmain.o
arrowLogo                                         build/golem/images.o
b_sharp_received                                  build/golem/usart_sam_ba.o
bootloader                                        build/golem/selfdata.o
                                                  build/golem/selfmain.o
bootloader_crcs                                   build/golem/selfdata.o
                                                  build/golem/selfmain.o
buffer_rx_usart                                   build/golem/usart_sam_ba.o
buffer_tx_usart                                   build/golem/usart_sam_ba.o
copy_words                                        build/golem/flash_samd21.o
delay                                             build/golem/utils.o
                                                  build/golem/selfmain.o
error_timeout                                     build/golem/usart_sam_ba.o
exception_table                                   build/golem/startup_samd21.o
fileLogo                                          build/golem/images.o
flash_erase_row                                   build/golem/flash_samd21.o
flash_erase_to_end                                build/golem/flash_samd21.o
flash_write                                       build/golem/flash_samd21.o
flash_write_row                                   build/golem/flash_samd21.o
                                                  build/golem/selfmain.o
flash_write_words                                 build/golem/flash_samd21.o
                                                  build/golem/selfmain.o
font8                                             build/golem/images.o
g_interrupt_enabled                               build/golem/init_samd21.o
getPacket                                         build/golem/usart_sam_ba.o
idx_rx_read                                       build/golem/usart_sam_ba.o
idx_rx_write                                      build/golem/usart_sam_ba.o
idx_tx_read                                       build/golem/usart_sam_ba.o
idx_tx_write                                      build/golem/usart_sam_ba.o
led_init                                          build/golem/utils.o
                                                  build/golem/selfmain.o
led_signal                                        build/golem/utils.o
led_tick                                          build/golem/utils.o
                                                  build/golem/init_samd21.o
led_tick_step                                     build/golem/utils.o
main                                              build/golem/selfmain.o
                                                  build/golem/startup_samd21.o
memcpy                                            /usr/bin/../lib/gcc/arm-none-eabi/7.3.1/../../../../arm-none-eabi/lib/thumb/v6-m/libg_nano.a(lib_a-memcpy-stub.o)
                                                  build/golem/selfmain.o
mode_of_transfer                                  build/golem/usart_sam_ba.o
pageBuf                                           build/golem/selfmain.o
panic                                             build/golem/utils.o
                                                  build/golem/selfmain.o
pendriveLogo                                      build/golem/images.o
resetHorizon                                      build/golem/utils.o
resetIntoApp                                      build/golem/utils.o
                                                  build/golem/selfmain.o
resetIntoBootloader                               build/golem/utils.o
                                                  build/golem/selfmain.o
setBootProt                                       build/golem/selfmain.o
size_of_data                                      build/golem/usart_sam_ba.o
system_init                                       build/golem/init_samd21.o
                                                  build/golem/selfmain.o
timerHigh                                         build/golem/utils.o
timerTick                                         build/golem/utils.o
uart_basic_init                                   build/golem/usart_sam_ba.o
uart_disable                                      build/golem/usart_sam_ba.o
uart_get_sercom_index                             build/golem/usart_sam_ba.o
uart_read_byte                                    build/golem/usart_sam_ba.o
uart_write_byte                                   build/golem/usart_sam_ba.o
usart_close                                       build/golem/usart_sam_ba.o
usart_getc                                        build/golem/usart_sam_ba.o
usart_getdata                                     build/golem/usart_sam_ba.o
usart_getdata_xmd                                 build/golem/usart_sam_ba.o
usart_is_rx_ready                                 build/golem/usart_sam_ba.o
usart_open                                        build/golem/usart_sam_ba.o
usart_putc                                        build/golem/usart_sam_ba.o
usart_putdata                                     build/golem/usart_sam_ba.o
usart_putdata_xmd                                 build/golem/usart_sam_ba.o
usart_readc                                       build/golem/usart_sam_ba.o
usart_sharp_received                              build/golem/usart_sam_ba.o
writeNum                                          build/golem/utils.o
